19:35:12.685  [ENV]     GET     200    327ms                             -           /api/auth/session
              > session refresh πριν το request
19:35:13.188  [ENV]     GET     200    829ms                         945 B           /liberal/customapi/me
19:35:13.265  [ENV]     GET    ERR_CANCELED      1ms                             -           /liberal/customapi/admin/opinions
19:35:13.265  [ENV]     GET    ERR_CANCELED      1ms                             -           /liberal/customapi/home-layout
19:35:13.617  [ENV]     GET     200    352ms                             -           /liberal/customapi/home-layout
19:35:13.647  [ENV]     GET     200    382ms                          54 B           /liberal/customapi/admin/opinions
19:35:14.074  [ENV]     GET     200    452ms                        1.2 KB           /liberal/customapi/section-templates
19:35:21.604  [ENV]     GET    ERR_CANCELED      2ms                             -           /liberal/unicornapi/taxonomy_term/category
              | include=parent
              | fields[taxonomy_term--category]=name,status,field_main_menu,parent,changed
              | page[offset]=0
19:35:21.604  [ENV]     GET    ERR_CANCELED      2ms                             -           /liberal/unicornapi/node/article_liberal
              | fields[node--article_liberal]=title,status,publish_on,created,changed,path,field_liberal_category,field_arthrografos,field_ad_link_article,field_eidos_arthrou,uid,socials_post,drupal_internal__nid
              | fields[taxonomy_term--arthrografos]=name,field_author_firstname,field_author_lastname
              | fields[taxonomy_term--eidi_arthron]=name
              | include=field_liberal_category,uid,field_arthrografos,field_eidos_arthrou
              | page[offset]=0
              | page[limit]=25
              | sort=-changed
19:35:21.604  [ENV]     GET    ERR_CANCELED      2ms                             -           /liberal/unicornapi/taxonomy_term/eidi_arthron
              | fields[taxonomy_term--eidi_arthron]=name
              | page[offset]=0
              | sort=name
19:35:22.099  [ENV]     GET     200    497ms                        2.7 KB      n=5  /liberal/unicornapi/taxonomy_term/eidi_arthron
              | fields[taxonomy_term--eidi_arthron]=name
              | page[offset]=0
              | sort=name
19:35:22.894  [ENV]     GET     200   1293ms <<                    53.5 KB    n=127  /liberal/unicornapi/taxonomy_term/category
              | include=parent
              | fields[taxonomy_term--category]=name,status,field_main_menu,parent,changed
              | page[offset]=0
19:35:24.277  [ENV]     GET     200   1380ms <<                    48.0 KB    n=127  /liberal/unicornapi/taxonomy_term/category
              | include=parent
              | fields[taxonomy_term--category]=name,status,field_main_menu,parent,changed
              | page[offset]=50
19:35:24.906  [ENV]     GET     200   3304ms <<<                  145.1 KB n=610999  /liberal/unicornapi/node/article_liberal
              | fields[node--article_liberal]=title,status,publish_on,created,changed,path,field_liberal_category,field_arthrografos,field_ad_link_article,field_eidos_arthrou,uid,socials_post,drupal_internal__nid
              | fields[taxonomy_term--arthrografos]=name,field_author_firstname,field_author_lastname
              | fields[taxonomy_term--eidi_arthron]=name
              | include=field_liberal_category,uid,field_arthrografos,field_eidos_arthrou
              | page[offset]=0
              | page[limit]=25
              | sort=-changed
19:35:25.501  [ENV]     GET     200   1225ms <<                    29.1 KB    n=127  /liberal/unicornapi/taxonomy_term/category
              | include=parent
              | fields[taxonomy_term--category]=name,status,field_main_menu,parent,changed
              | page[offset]=100
19:35:29.073  [ENV]     GET    ERR_CANCELED      1ms                             -           /liberal/unicornapi/taxonomy_term/arthrografos
              | fields[taxonomy_term--arthrografos]=id,name,field_author_firstname,field_author_lastname,description,field_author_profile
              | page[offset]=0
              | page[limit]=25
19:35:29.965  [ENV]     GET     200    893ms                       24.2 KB   n=2807  /liberal/unicornapi/taxonomy_term/arthrografos
              | fields[taxonomy_term--arthrografos]=id,name,field_author_firstname,field_author_lastname,description,field_author_profile
              | page[offset]=0
              | page[limit]=25
19:35:38.218  [ENV]     GET     200    860ms                       13.4 KB     n=10  /liberal/unicornapi/taxonomy_term/arthrografos
              | fields[taxonomy_term--arthrografos]=id,name,field_author_firstname,field_author_lastname,description,field_author_profile
              | page[offset]=0
              | page[limit]=25
              | sort=name
              | filter[s][group][conjunction]=OR
              | filter[a][condition][path]=field_author_firstname
              | filter[a][condition][operator]=CONTAINS
              | filter[a][condition][value]=bi
              | filter[a][condition][memberOf]=s
              | filter[b][condition][path]=field_author_lastname
              | filter[b][condition][operator]=CONTAINS
              | filter[b][condition][value]=bi
              | filter[b][condition][memberOf]=s
              | filter[c][condition][path]=name
              | filter[c][condition][operator]=CONTAINS
              | filter[c][condition][value]=bi
              | filter[c][condition][memberOf]=s
19:35:39.483  [ENV]     GET     200    294ms                        1.4 KB      n=1  /liberal/unicornapi/taxonomy_term/arthrografos
              | fields[taxonomy_term--arthrografos]=id,name,field_author_firstname,field_author_lastname,description,field_author_profile
              | page[offset]=0
              | page[limit]=1
              | filter[id]=573dc1e0-086d-4624-aeaf-89b918860759
19:35:39.794  [ENV]     GET     200    605ms                       11.7 KB      n=2  /liberal/unicornapi/node/article_liberal
              | fields[node--article_liberal]=title,status,publish_on,created,changed,path,field_liberal_category,field_arthrografos,field_ad_link_article,field_eidos_arthrou,uid,socials_post,drupal_internal__nid
              | fields[taxonomy_term--arthrografos]=name,field_author_firstname,field_author_lastname
              | fields[taxonomy_term--eidi_arthron]=name
              | include=field_liberal_category,uid,field_arthrografos,field_eidos_arthrou
              | page[offset]=0
              | page[limit]=25
              | sort=-changed
              | filter[field_arthrografos.id]=573dc1e0-086d-4624-aeaf-89b918860759
